The target system is: Generic -  - microblaze_riscv
The host system is: Linux - 6.8.0-52-generic - x86_64
Compiling the C compiler identification source file "CMakeCCompilerId.c" succeeded.
Compiler: /home/hyperk2/Xilinx/Vitis/2024.1/gnu/riscv/lin/riscv64-unknown-elf/bin/riscv64-unknown-elf-gcc 
Build flags: ;-O2;-march=rv32imc_zicsr_zifencei;-mabi=ilp32;-DSDT;;-MMD;-MP;-specs=/media/hyperk2/SSD_DATA/GITHUB/vitis_Urbana_2024_1/platform_microblaze_riscv/microblaze_0/standalone_microblaze_0/bsp/Xilinx.spec;-I/media/hyperk2/SSD_DATA/GITHUB/vitis_Urbana_2024_1/platform_microblaze_riscv/microblaze_0/standalone_microblaze_0/bsp/include
Id flags: -c 

The output was:
0


Compilation of the C compiler identification source "CMakeCCompilerId.c" produced "CMakeCCompilerId.d"

Compilation of the C compiler identification source "CMakeCCompilerId.c" produced "CMakeCCompilerId.o"

The C compiler identification is GNU, found in "/media/hyperk2/SSD_DATA/GITHUB/vitis_Urbana_2024_1/platform_microblaze_riscv/microblaze_0/standalone_microblaze_0/bsp/libsrc/build_configs/gen_bsp/CMakeFiles/3.24.2/CompilerIdC/CMakeCCompilerId.o"

Compiling the CXX compiler identification source file "CMakeCXXCompilerId.cpp" succeeded.
Compiler: /home/hyperk2/Xilinx/Vitis/2024.1/gnu/riscv/lin/riscv64-unknown-elf/bin/riscv64-unknown-elf-g++ 
Build flags: ;-O2;-march=rv32imc_zicsr_zifencei;-mabi=ilp32;-DSDT;;-MMD;-MP;-specs=/media/hyperk2/SSD_DATA/GITHUB/vitis_Urbana_2024_1/platform_microblaze_riscv/microblaze_0/standalone_microblaze_0/bsp/Xilinx.spec;-I/media/hyperk2/SSD_DATA/GITHUB/vitis_Urbana_2024_1/platform_microblaze_riscv/microblaze_0/standalone_microblaze_0/bsp/include
Id flags: -c 

The output was:
0


Compilation of the CXX compiler identification source "CMakeCXXCompilerId.cpp" produced "CMakeCXXCompilerId.d"

Compilation of the CXX compiler identification source "CMakeCXXCompilerId.cpp" produced "CMakeCXXCompilerId.o"

The CXX compiler identification is GNU, found in "/media/hyperk2/SSD_DATA/GITHUB/vitis_Urbana_2024_1/platform_microblaze_riscv/microblaze_0/standalone_microblaze_0/bsp/libsrc/build_configs/gen_bsp/CMakeFiles/3.24.2/CompilerIdCXX/CMakeCXXCompilerId.o"

Detecting C compiler ABI info compiled with the following output:
Change Dir: /media/hyperk2/SSD_DATA/GITHUB/vitis_Urbana_2024_1/platform_microblaze_riscv/microblaze_0/standalone_microblaze_0/bsp/libsrc/build_configs/gen_bsp/CMakeFiles/CMakeTmp

Run Build Command(s):/bin/gmake -f Makefile cmTC_52466/fast && /bin/gmake  -f CMakeFiles/cmTC_52466.dir/build.make CMakeFiles/cmTC_52466.dir/build
gmake[1]: Entering directory '/media/hyperk2/SSD_DATA/GITHUB/vitis_Urbana_2024_1/platform_microblaze_riscv/microblaze_0/standalone_microblaze_0/bsp/libsrc/build_configs/gen_bsp/CMakeFiles/CMakeTmp'
Building C object CMakeFiles/cmTC_52466.dir/CMakeCCompilerABI.c.obj
/home/hyperk2/Xilinx/Vitis/2024.1/gnu/riscv/lin/riscv64-unknown-elf/bin/riscv64-unknown-elf-gcc   -O2 -march=rv32imc_zicsr_zifencei -mabi=ilp32 -DSDT  -MMD -MP -specs=/media/hyperk2/SSD_DATA/GITHUB/vitis_Urbana_2024_1/platform_microblaze_riscv/microblaze_0/standalone_microblaze_0/bsp/Xilinx.spec -I/media/hyperk2/SSD_DATA/GITHUB/vitis_Urbana_2024_1/platform_microblaze_riscv/microblaze_0/standalone_microblaze_0/bsp/include    -v -o CMakeFiles/cmTC_52466.dir/CMakeCCompilerABI.c.obj -c /home/hyperk2/Xilinx/Vitis/2024.1/tps/lnx64/cmake-3.24.2/share/cmake-3.24/Modules/CMakeCCompilerABI.c
Using built-in specs.
Reading specs from /media/hyperk2/SSD_DATA/GITHUB/vitis_Urbana_2024_1/platform_microblaze_riscv/microblaze_0/standalone_microblaze_0/bsp/Xilinx.spec
COLLECT_GCC=/home/hyperk2/Xilinx/Vitis/2024.1/gnu/riscv/lin/riscv64-unknown-elf/bin/../x86_64-oesdk-linux/usr/bin/riscv32-xilinx-elf/riscv32-xilinx-elf-gcc.real
Target: riscv32-xilinx-elf
Configured with: ../../../../../../work-shared/gcc-12.2.0-r0/gcc-12.2.0/configure --build=x86_64-linux --host=x86_64-oesdk-linux --target=riscv32-xilinx-elf --prefix=/usr/local/oe-sdk-hardcoded-buildpath/sysroots/x86_64-oesdk-linux/usr --exec_prefix=/usr/local/oe-sdk-hardcoded-buildpath/sysroots/x86_64-oesdk-linux/usr --bindir=/usr/local/oe-sdk-hardcoded-buildpath/sysroots/x86_64-oesdk-linux/usr/bin/riscv32-xilinx-elf --sbindir=/usr/local/oe-sdk-hardcoded-buildpath/sysroots/x86_64-oesdk-linux/usr/bin/riscv32-xilinx-elf --libexecdir=/usr/local/oe-sdk-hardcoded-buildpath/sysroots/x86_64-oesdk-linux/usr/libexec/riscv32-xilinx-elf --datadir=/usr/local/oe-sdk-hardcoded-buildpath/sysroots/x86_64-oesdk-linux/usr/share --sysconfdir=/usr/local/oe-sdk-hardcoded-buildpath/sysroots/x86_64-oesdk-linux/etc --sharedstatedir=/usr/local/oe-sdk-hardcoded-buildpath/sysroots/x86_64-oesdk-linux/com --localstatedir=/usr/local/oe-sdk-hardcoded-buildpath/sysroots/x86_64-oesdk-linux/var --libdir=/usr/local/oe-sdk-hardcoded-buildpath/sysroots/x86_64-oesdk-linux/usr/lib/riscv32-xilinx-elf --includedir=/usr/local/oe-sdk-hardcoded-buildpath/sysroots/x86_64-oesdk-linux/usr/include --oldincludedir=/usr/local/oe-sdk-hardcoded-buildpath/sysroots/x86_64-oesdk-linux/usr/include --infodir=/usr/local/oe-sdk-hardcoded-buildpath/sysroots/x86_64-oesdk-linux/usr/share/info --mandir=/usr/local/oe-sdk-hardcoded-buildpath/sysroots/x86_64-oesdk-linux/usr/share/man --disable-silent-rules --disable-dependency-tracking --with-libtool-sysroot=/scratch/jenkins-BUILDS-eSDK-toolchain-2024.1_toolchain-28_Standalone_riscv-tc/build/riscv-tc-x86_64/work/x86_64-nativesdk-oesdk-linux/gcc-cross-canadian-riscv32/12.2.0-r0/recipe-sysroot --with-gnu-ld --enable-shared --enable-languages=c,c++,fortran --enable-threads=posix --enable-multilib --enable-c99 --enable-long-long --enable-libstdcxx-pch --program-prefix=riscv32-xilinx-elf- --without-local-prefix --disable-install-libiberty --disable-libssp --enable-libitm --enable-lto --disable-bootstrap --with-system-zlib --enable-linker-build-id --with-ppl=no --with-cloog=no --enable-checking=release --enable-cheaders=c_global --without-isl --with-gxx-include-dir=/not/exist/usr/include/c++/12.2.0 --with-build-time-tools=/scratch/jenkins-BUILDS-eSDK-toolchain-2024.1_toolchain-28_Standalone_riscv-tc/build/riscv-tc-x86_64/work/x86_64-nativesdk-oesdk-linux/gcc-cross-canadian-riscv32/12.2.0-r0/recipe-sysroot-native/usr/riscv32-xilinx-elf/bin --with-sysroot=/not/exist --with-build-sysroot=/scratch/jenkins-BUILDS-eSDK-toolchain-2024.1_toolchain-28_Standalone_riscv-tc/build/riscv-tc-x86_64/work/x86_64-nativesdk-oesdk-linux/gcc-cross-canadian-riscv32/12.2.0-r0/recipe-sysroot --enable-standard-branch-protection --with-plugin-ld=ld --enable-poison-system-directories --disable-static --enable-nls --with-glibc-version=2.28 --enable-initfini-array --with-multilib-generator='rv32i-ilp32--;rv32if-ilp32f--;rv32ic-ilp32--;rv32ifc-ilp32f--;rv32im-ilp32--;rv32imf-ilp32f--;rv32imc-ilp32--;rv32imfc-ilp32f--;rv64i-lp64--;rv64if-lp64f--;rv64ic-lp64--;rv64ifc-lp64f--;rv64im-lp64--;rv64imf-lp64f--;rv64imc-lp64--;rv64imfc-lp64f--;rv32imfdc-ilp32d--;rv64imfdc-lp64d--' --enable-multilib --disable-libstdcxx-pch --with-newlib --disable-threads --enable-plugins --with-gnu-as --disable-libitm --with-sysroot=/not/exist
Thread model: single
Supported LTO compression algorithms: zlib zstd
gcc version 12.2.0 (GCC) 
COLLECT_GCC_OPTIONS='--sysroot=/home/hyperk2/Xilinx/Vitis/2024.1/gnu/riscv/lin/riscv64-unknown-elf/bin/../riscv32-xilinx-elf' '-O2' '-march=rv32imc_zicsr_zifencei' '-mabi=ilp32' '-D' 'SDT' '-MMD' '-MP' '-specs=/media/hyperk2/SSD_DATA/GITHUB/vitis_Urbana_2024_1/platform_microblaze_riscv/microblaze_0/standalone_microblaze_0/bsp/Xilinx.spec' '-I' '/media/hyperk2/SSD_DATA/GITHUB/vitis_Urbana_2024_1/platform_microblaze_riscv/microblaze_0/standalone_microblaze_0/bsp/include' '-v' '-o' 'CMakeFiles/cmTC_52466.dir/CMakeCCompilerABI.c.obj' '-c' '-misa-spec=20191213' '-march=rv32imc_zicsr_zifencei' '-dumpdir' 'CMakeFiles/cmTC_52466.dir/'
 /home/hyperk2/Xilinx/Vitis/2024.1/gnu/riscv/lin/riscv64-unknown-elf/x86_64-oesdk-linux/usr/bin/riscv32-xilinx-elf/../../libexec/riscv32-xilinx-elf/gcc/riscv32-xilinx-elf/12.2.0/cc1 -quiet -v -I /media/hyperk2/SSD_DATA/GITHUB/vitis_Urbana_2024_1/platform_microblaze_riscv/microblaze_0/standalone_microblaze_0/bsp/include -iprefix /home/hyperk2/Xilinx/Vitis/2024.1/gnu/riscv/lin/riscv64-unknown-elf/x86_64-oesdk-linux/usr/bin/riscv32-xilinx-elf/../../lib/riscv32-xilinx-elf/gcc/riscv32-xilinx-elf/12.2.0/ -isysroot /home/hyperk2/Xilinx/Vitis/2024.1/gnu/riscv/lin/riscv64-unknown-elf/bin/../riscv32-xilinx-elf -MMD CMakeFiles/cmTC_52466.dir/CMakeCCompilerABI.c.d -MP -MQ CMakeFiles/cmTC_52466.dir/CMakeCCompilerABI.c.obj -D SDT /home/hyperk2/Xilinx/Vitis/2024.1/tps/lnx64/cmake-3.24.2/share/cmake-3.24/Modules/CMakeCCompilerABI.c -quiet -dumpdir CMakeFiles/cmTC_52466.dir/ -dumpbase CMakeCCompilerABI.c.c -dumpbase-ext .c -march=rv32imc_zicsr_zifencei -mabi=ilp32 -misa-spec=20191213 -march=rv32imc_zicsr_zifencei -O2 -version -o /tmp/ccQrvNQL.s
GNU C17 (GCC) version 12.2.0 (riscv32-xilinx-elf)
	compiled by GNU C version 12.2.0, GMP version 6.2.1, MPFR version 4.1.1, MPC version 1.2.1, isl version none
GGC heuristics: --param ggc-min-expand=100 --param ggc-min-heapsize=131072
ignoring nonexistent directory "/home/hyperk2/Xilinx/Vitis/2024.1/gnu/riscv/lin/riscv64-unknown-elf/x86_64-oesdk-linux/usr/bin/riscv32-xilinx-elf/../../lib/riscv32-xilinx-elf/gcc/riscv32-xilinx-elf/12.2.0/../../../../../riscv32-xilinx-elf/include"
ignoring duplicate directory "/home/hyperk2/Xilinx/Vitis/2024.1/gnu/riscv/lin/riscv64-unknown-elf/x86_64-oesdk-linux/usr/bin/riscv32-xilinx-elf/../../lib/riscv32-xilinx-elf/gcc/../../../lib/riscv32-xilinx-elf/gcc/riscv32-xilinx-elf/12.2.0/include"
ignoring nonexistent directory "/home/hyperk2/Xilinx/Vitis/2024.1/gnu/riscv/lin/riscv64-unknown-elf/bin/../riscv32-xilinx-elf/usr/lib/riscv32-xilinx-elf/12.2.0/include"
ignoring nonexistent directory "/home/hyperk2/Xilinx/Vitis/2024.1/gnu/riscv/lin/riscv64-unknown-elf/bin/../riscv32-xilinx-elf/usr/local/include"
ignoring duplicate directory "/home/hyperk2/Xilinx/Vitis/2024.1/gnu/riscv/lin/riscv64-unknown-elf/x86_64-oesdk-linux/usr/bin/riscv32-xilinx-elf/../../lib/riscv32-xilinx-elf/gcc/../../../lib/riscv32-xilinx-elf/gcc/riscv32-xilinx-elf/12.2.0/include-fixed"
ignoring nonexistent directory "/home/hyperk2/Xilinx/Vitis/2024.1/gnu/riscv/lin/riscv64-unknown-elf/x86_64-oesdk-linux/usr/bin/riscv32-xilinx-elf/../../lib/riscv32-xilinx-elf/gcc/../../../lib/riscv32-xilinx-elf/gcc/riscv32-xilinx-elf/12.2.0/../../../../../riscv32-xilinx-elf/include"
#include "..." search starts here:
#include <...> search starts here:
 /media/hyperk2/SSD_DATA/GITHUB/vitis_Urbana_2024_1/platform_microblaze_riscv/microblaze_0/standalone_microblaze_0/bsp/include
 /home/hyperk2/Xilinx/Vitis/2024.1/gnu/riscv/lin/riscv64-unknown-elf/x86_64-oesdk-linux/usr/bin/riscv32-xilinx-elf/../../lib/riscv32-xilinx-elf/gcc/riscv32-xilinx-elf/12.2.0/include
 /home/hyperk2/Xilinx/Vitis/2024.1/gnu/riscv/lin/riscv64-unknown-elf/x86_64-oesdk-linux/usr/bin/riscv32-xilinx-elf/../../lib/riscv32-xilinx-elf/gcc/riscv32-xilinx-elf/12.2.0/include-fixed
 /home/hyperk2/Xilinx/Vitis/2024.1/gnu/riscv/lin/riscv64-unknown-elf/bin/../riscv32-xilinx-elf/usr/include/
End of search list.
GNU C17 (GCC) version 12.2.0 (riscv32-xilinx-elf)
	compiled by GNU C version 12.2.0, GMP version 6.2.1, MPFR version 4.1.1, MPC version 1.2.1, isl version none
GGC heuristics: --param ggc-min-expand=100 --param ggc-min-heapsize=131072
Compiler executable checksum: d738ac6b35933caf472edb35b9ce845a
COLLECT_GCC_OPTIONS='--sysroot=/home/hyperk2/Xilinx/Vitis/2024.1/gnu/riscv/lin/riscv64-unknown-elf/bin/../riscv32-xilinx-elf' '-O2' '-march=rv32imc_zicsr_zifencei' '-mabi=ilp32' '-D' 'SDT' '-MMD' '-MP' '-specs=/media/hyperk2/SSD_DATA/GITHUB/vitis_Urbana_2024_1/platform_microblaze_riscv/microblaze_0/standalone_microblaze_0/bsp/Xilinx.spec' '-I' '/media/hyperk2/SSD_DATA/GITHUB/vitis_Urbana_2024_1/platform_microblaze_riscv/microblaze_0/standalone_microblaze_0/bsp/include' '-v' '-o' 'CMakeFiles/cmTC_52466.dir/CMakeCCompilerABI.c.obj' '-c' '-misa-spec=20191213' '-march=rv32imc_zicsr_zifencei' '-dumpdir' 'CMakeFiles/cmTC_52466.dir/'
 /home/hyperk2/Xilinx/Vitis/2024.1/gnu/riscv/lin/riscv64-unknown-elf/x86_64-oesdk-linux/usr/bin/riscv32-xilinx-elf/../../libexec/riscv32-xilinx-elf/gcc/riscv32-xilinx-elf/12.2.0/as -v -I /media/hyperk2/SSD_DATA/GITHUB/vitis_Urbana_2024_1/platform_microblaze_riscv/microblaze_0/standalone_microblaze_0/bsp/include --traditional-format -march=rv32imc_zicsr_zifencei -march=rv32imc_zicsr_zifencei -mabi=ilp32 -misa-spec=20191213 -o CMakeFiles/cmTC_52466.dir/CMakeCCompilerABI.c.obj /tmp/ccQrvNQL.s
GNU assembler version 2.39.0 (riscv32-xilinx-elf) using BFD version (GNU Binutils) 2.39.0.20220819
COMPILER_PATH=/home/hyperk2/Xilinx/Vitis/2024.1/gnu/riscv/lin/riscv64-unknown-elf/x86_64-oesdk-linux/usr/bin/riscv32-xilinx-elf/../../libexec/riscv32-xilinx-elf/gcc/riscv32-xilinx-elf/12.2.0/:/home/hyperk2/Xilinx/Vitis/2024.1/gnu/riscv/lin/riscv64-unknown-elf/x86_64-oesdk-linux/usr/bin/riscv32-xilinx-elf/../../libexec/riscv32-xilinx-elf/gcc/
LIBRARY_PATH=/home/hyperk2/Xilinx/Vitis/2024.1/gnu/riscv/lin/riscv64-unknown-elf/x86_64-oesdk-linux/usr/bin/riscv32-xilinx-elf/../../lib/riscv32-xilinx-elf/gcc/riscv32-xilinx-elf/12.2.0/:/home/hyperk2/Xilinx/Vitis/2024.1/gnu/riscv/lin/riscv64-unknown-elf/x86_64-oesdk-linux/usr/bin/riscv32-xilinx-elf/../../lib/riscv32-xilinx-elf/gcc/:/home/hyperk2/Xilinx/Vitis/2024.1/gnu/riscv/lin/riscv64-unknown-elf/bin/../riscv32-xilinx-elf/usr/lib/riscv32-xilinx-elf/12.2.0/:/home/hyperk2/Xilinx/Vitis/2024.1/gnu/riscv/lin/riscv64-unknown-elf/bin/../riscv32-xilinx-elf/usr/lib/
COLLECT_GCC_OPTIONS='--sysroot=/home/hyperk2/Xilinx/Vitis/2024.1/gnu/riscv/lin/riscv64-unknown-elf/bin/../riscv32-xilinx-elf' '-O2' '-march=rv32imc_zicsr_zifencei' '-mabi=ilp32' '-D' 'SDT' '-MMD' '-MP' '-specs=/media/hyperk2/SSD_DATA/GITHUB/vitis_Urbana_2024_1/platform_microblaze_riscv/microblaze_0/standalone_microblaze_0/bsp/Xilinx.spec' '-I' '/media/hyperk2/SSD_DATA/GITHUB/vitis_Urbana_2024_1/platform_microblaze_riscv/microblaze_0/standalone_microblaze_0/bsp/include' '-v' '-o' 'CMakeFiles/cmTC_52466.dir/CMakeCCompilerABI.c.obj' '-c' '-misa-spec=20191213' '-march=rv32imc_zicsr_zifencei' '-dumpdir' 'CMakeFiles/cmTC_52466.dir/CMakeCCompilerABI.c.'
Linking C static library libcmTC_52466.a
/home/hyperk2/Xilinx/Vitis/2024.1/tps/lnx64/cmake-3.24.2/bin/cmake -P CMakeFiles/cmTC_52466.dir/cmake_clean_target.cmake
/home/hyperk2/Xilinx/Vitis/2024.1/tps/lnx64/cmake-3.24.2/bin/cmake -E cmake_link_script CMakeFiles/cmTC_52466.dir/link.txt --verbose=1
riscv64-unknown-elf-ar qc libcmTC_52466.a CMakeFiles/cmTC_52466.dir/CMakeCCompilerABI.c.obj
/home/hyperk2/Xilinx/Vitis/2024.1/gnu/riscv/lin/riscv64-unknown-elf/bin/riscv64-unknown-elf-ranlib libcmTC_52466.a
gmake[1]: Leaving directory '/media/hyperk2/SSD_DATA/GITHUB/vitis_Urbana_2024_1/platform_microblaze_riscv/microblaze_0/standalone_microblaze_0/bsp/libsrc/build_configs/gen_bsp/CMakeFiles/CMakeTmp'



Parsed C implicit include dir info from above output: rv=done
  found start of include info
  found start of implicit include info
    add: [/media/hyperk2/SSD_DATA/GITHUB/vitis_Urbana_2024_1/platform_microblaze_riscv/microblaze_0/standalone_microblaze_0/bsp/include]
    add: [/home/hyperk2/Xilinx/Vitis/2024.1/gnu/riscv/lin/riscv64-unknown-elf/x86_64-oesdk-linux/usr/bin/riscv32-xilinx-elf/../../lib/riscv32-xilinx-elf/gcc/riscv32-xilinx-elf/12.2.0/include]
    add: [/home/hyperk2/Xilinx/Vitis/2024.1/gnu/riscv/lin/riscv64-unknown-elf/x86_64-oesdk-linux/usr/bin/riscv32-xilinx-elf/../../lib/riscv32-xilinx-elf/gcc/riscv32-xilinx-elf/12.2.0/include-fixed]
    add: [/home/hyperk2/Xilinx/Vitis/2024.1/gnu/riscv/lin/riscv64-unknown-elf/bin/../riscv32-xilinx-elf/usr/include/]
  end of search list found
  collapse include dir [/media/hyperk2/SSD_DATA/GITHUB/vitis_Urbana_2024_1/platform_microblaze_riscv/microblaze_0/standalone_microblaze_0/bsp/include] ==> [/media/hyperk2/SSD_DATA/GITHUB/vitis_Urbana_2024_1/platform_microblaze_riscv/microblaze_0/standalone_microblaze_0/bsp/include]
  collapse include dir [/home/hyperk2/Xilinx/Vitis/2024.1/gnu/riscv/lin/riscv64-unknown-elf/x86_64-oesdk-linux/usr/bin/riscv32-xilinx-elf/../../lib/riscv32-xilinx-elf/gcc/riscv32-xilinx-elf/12.2.0/include] ==> [/home/hyperk2/Xilinx/Vitis/2024.1/gnu/riscv/lin/riscv64-unknown-elf/x86_64-oesdk-linux/usr/lib/riscv32-xilinx-elf/gcc/riscv32-xilinx-elf/12.2.0/include]
  collapse include dir [/home/hyperk2/Xilinx/Vitis/2024.1/gnu/riscv/lin/riscv64-unknown-elf/x86_64-oesdk-linux/usr/bin/riscv32-xilinx-elf/../../lib/riscv32-xilinx-elf/gcc/riscv32-xilinx-elf/12.2.0/include-fixed] ==> [/home/hyperk2/Xilinx/Vitis/2024.1/gnu/riscv/lin/riscv64-unknown-elf/x86_64-oesdk-linux/usr/lib/riscv32-xilinx-elf/gcc/riscv32-xilinx-elf/12.2.0/include-fixed]
  collapse include dir [/home/hyperk2/Xilinx/Vitis/2024.1/gnu/riscv/lin/riscv64-unknown-elf/bin/../riscv32-xilinx-elf/usr/include/] ==> [/home/hyperk2/Xilinx/Vitis/2024.1/gnu/riscv/lin/riscv64-unknown-elf/riscv32-xilinx-elf/usr/include]
  implicit include dirs: [/media/hyperk2/SSD_DATA/GITHUB/vitis_Urbana_2024_1/platform_microblaze_riscv/microblaze_0/standalone_microblaze_0/bsp/include;/home/hyperk2/Xilinx/Vitis/2024.1/gnu/riscv/lin/riscv64-unknown-elf/x86_64-oesdk-linux/usr/lib/riscv32-xilinx-elf/gcc/riscv32-xilinx-elf/12.2.0/include;/home/hyperk2/Xilinx/Vitis/2024.1/gnu/riscv/lin/riscv64-unknown-elf/x86_64-oesdk-linux/usr/lib/riscv32-xilinx-elf/gcc/riscv32-xilinx-elf/12.2.0/include-fixed;/home/hyperk2/Xilinx/Vitis/2024.1/gnu/riscv/lin/riscv64-unknown-elf/riscv32-xilinx-elf/usr/include]


Parsed C implicit link information from above output:
  link line regex: [^( *|.*[/\])(riscv64-unknown-elf-ld|CMAKE_LINK_STARTFILE-NOTFOUND|([^/\]+-)?ld|collect2)[^/\]*( |$)]
  ignore line: [Change Dir: /media/hyperk2/SSD_DATA/GITHUB/vitis_Urbana_2024_1/platform_microblaze_riscv/microblaze_0/standalone_microblaze_0/bsp/libsrc/build_configs/gen_bsp/CMakeFiles/CMakeTmp]
  ignore line: []
  ignore line: [Run Build Command(s):/bin/gmake -f Makefile cmTC_52466/fast && /bin/gmake  -f CMakeFiles/cmTC_52466.dir/build.make CMakeFiles/cmTC_52466.dir/build]
  ignore line: [gmake[1]: Entering directory '/media/hyperk2/SSD_DATA/GITHUB/vitis_Urbana_2024_1/platform_microblaze_riscv/microblaze_0/standalone_microblaze_0/bsp/libsrc/build_configs/gen_bsp/CMakeFiles/CMakeTmp']
  ignore line: [Building C object CMakeFiles/cmTC_52466.dir/CMakeCCompilerABI.c.obj]
  ignore line: [/home/hyperk2/Xilinx/Vitis/2024.1/gnu/riscv/lin/riscv64-unknown-elf/bin/riscv64-unknown-elf-gcc   -O2 -march=rv32imc_zicsr_zifencei -mabi=ilp32 -DSDT  -MMD -MP -specs=/media/hyperk2/SSD_DATA/GITHUB/vitis_Urbana_2024_1/platform_microblaze_riscv/microblaze_0/standalone_microblaze_0/bsp/Xilinx.spec -I/media/hyperk2/SSD_DATA/GITHUB/vitis_Urbana_2024_1/platform_microblaze_riscv/microblaze_0/standalone_microblaze_0/bsp/include    -v -o CMakeFiles/cmTC_52466.dir/CMakeCCompilerABI.c.obj -c /home/hyperk2/Xilinx/Vitis/2024.1/tps/lnx64/cmake-3.24.2/share/cmake-3.24/Modules/CMakeCCompilerABI.c]
  ignore line: [Using built-in specs.]
  ignore line: [Reading specs from /media/hyperk2/SSD_DATA/GITHUB/vitis_Urbana_2024_1/platform_microblaze_riscv/microblaze_0/standalone_microblaze_0/bsp/Xilinx.spec]
  ignore line: [COLLECT_GCC=/home/hyperk2/Xilinx/Vitis/2024.1/gnu/riscv/lin/riscv64-unknown-elf/bin/../x86_64-oesdk-linux/usr/bin/riscv32-xilinx-elf/riscv32-xilinx-elf-gcc.real]
  ignore line: [Target: riscv32-xilinx-elf]
  ignore line: [Configured with: ../../../../../../work-shared/gcc-12.2.0-r0/gcc-12.2.0/configure --build=x86_64-linux --host=x86_64-oesdk-linux --target=riscv32-xilinx-elf --prefix=/usr/local/oe-sdk-hardcoded-buildpath/sysroots/x86_64-oesdk-linux/usr --exec_prefix=/usr/local/oe-sdk-hardcoded-buildpath/sysroots/x86_64-oesdk-linux/usr --bindir=/usr/local/oe-sdk-hardcoded-buildpath/sysroots/x86_64-oesdk-linux/usr/bin/riscv32-xilinx-elf --sbindir=/usr/local/oe-sdk-hardcoded-buildpath/sysroots/x86_64-oesdk-linux/usr/bin/riscv32-xilinx-elf --libexecdir=/usr/local/oe-sdk-hardcoded-buildpath/sysroots/x86_64-oesdk-linux/usr/libexec/riscv32-xilinx-elf --datadir=/usr/local/oe-sdk-hardcoded-buildpath/sysroots/x86_64-oesdk-linux/usr/share --sysconfdir=/usr/local/oe-sdk-hardcoded-buildpath/sysroots/x86_64-oesdk-linux/etc --sharedstatedir=/usr/local/oe-sdk-hardcoded-buildpath/sysroots/x86_64-oesdk-linux/com --localstatedir=/usr/local/oe-sdk-hardcoded-buildpath/sysroots/x86_64-oesdk-linux/var --libdir=/usr/local/oe-sdk-hardcoded-buildpath/sysroots/x86_64-oesdk-linux/usr/lib/riscv32-xilinx-elf --includedir=/usr/local/oe-sdk-hardcoded-buildpath/sysroots/x86_64-oesdk-linux/usr/include --oldincludedir=/usr/local/oe-sdk-hardcoded-buildpath/sysroots/x86_64-oesdk-linux/usr/include --infodir=/usr/local/oe-sdk-hardcoded-buildpath/sysroots/x86_64-oesdk-linux/usr/share/info --mandir=/usr/local/oe-sdk-hardcoded-buildpath/sysroots/x86_64-oesdk-linux/usr/share/man --disable-silent-rules --disable-dependency-tracking --with-libtool-sysroot=/scratch/jenkins-BUILDS-eSDK-toolchain-2024.1_toolchain-28_Standalone_riscv-tc/build/riscv-tc-x86_64/work/x86_64-nativesdk-oesdk-linux/gcc-cross-canadian-riscv32/12.2.0-r0/recipe-sysroot --with-gnu-ld --enable-shared --enable-languages=c,c++,fortran --enable-threads=posix --enable-multilib --enable-c99 --enable-long-long --enable-libstdcxx-pch --program-prefix=riscv32-xilinx-elf- --without-local-prefix --disable-install-libiberty --disable-libssp --enable-libitm --enable-lto --disable-bootstrap --with-system-zlib --enable-linker-build-id --with-ppl=no --with-cloog=no --enable-checking=release --enable-cheaders=c_global --without-isl --with-gxx-include-dir=/not/exist/usr/include/c++/12.2.0 --with-build-time-tools=/scratch/jenkins-BUILDS-eSDK-toolchain-2024.1_toolchain-28_Standalone_riscv-tc/build/riscv-tc-x86_64/work/x86_64-nativesdk-oesdk-linux/gcc-cross-canadian-riscv32/12.2.0-r0/recipe-sysroot-native/usr/riscv32-xilinx-elf/bin --with-sysroot=/not/exist --with-build-sysroot=/scratch/jenkins-BUILDS-eSDK-toolchain-2024.1_toolchain-28_Standalone_riscv-tc/build/riscv-tc-x86_64/work/x86_64-nativesdk-oesdk-linux/gcc-cross-canadian-riscv32/12.2.0-r0/recipe-sysroot --enable-standard-branch-protection --with-plugin-ld=ld --enable-poison-system-directories --disable-static --enable-nls --with-glibc-version=2.28 --enable-initfini-array --with-multilib-generator='rv32i-ilp32--]
  ignore line: [rv32if-ilp32f--]
  ignore line: [rv32ic-ilp32--]
  ignore line: [rv32ifc-ilp32f--]
  ignore line: [rv32im-ilp32--]
  ignore line: [rv32imf-ilp32f--]
  ignore line: [rv32imc-ilp32--]
  ignore line: [rv32imfc-ilp32f--]
  ignore line: [rv64i-lp64--]
  ignore line: [rv64if-lp64f--]
  ignore line: [rv64ic-lp64--]
  ignore line: [rv64ifc-lp64f--]
  ignore line: [rv64im-lp64--]
  ignore line: [rv64imf-lp64f--]
  ignore line: [rv64imc-lp64--]
  ignore line: [rv64imfc-lp64f--]
  ignore line: [rv32imfdc-ilp32d--]
  ignore line: [rv64imfdc-lp64d--' --enable-multilib --disable-libstdcxx-pch --with-newlib --disable-threads --enable-plugins --with-gnu-as --disable-libitm --with-sysroot=/not/exist]
  ignore line: [Thread model: single]
  ignore line: [Supported LTO compression algorithms: zlib zstd]
  ignore line: [gcc version 12.2.0 (GCC) ]
  ignore line: [COLLECT_GCC_OPTIONS='--sysroot=/home/hyperk2/Xilinx/Vitis/2024.1/gnu/riscv/lin/riscv64-unknown-elf/bin/../riscv32-xilinx-elf' '-O2' '-march=rv32imc_zicsr_zifencei' '-mabi=ilp32' '-D' 'SDT' '-MMD' '-MP' '-specs=/media/hyperk2/SSD_DATA/GITHUB/vitis_Urbana_2024_1/platform_microblaze_riscv/microblaze_0/standalone_microblaze_0/bsp/Xilinx.spec' '-I' '/media/hyperk2/SSD_DATA/GITHUB/vitis_Urbana_2024_1/platform_microblaze_riscv/microblaze_0/standalone_microblaze_0/bsp/include' '-v' '-o' 'CMakeFiles/cmTC_52466.dir/CMakeCCompilerABI.c.obj' '-c' '-misa-spec=20191213' '-march=rv32imc_zicsr_zifencei' '-dumpdir' 'CMakeFiles/cmTC_52466.dir/']
  ignore line: [ /home/hyperk2/Xilinx/Vitis/2024.1/gnu/riscv/lin/riscv64-unknown-elf/x86_64-oesdk-linux/usr/bin/riscv32-xilinx-elf/../../libexec/riscv32-xilinx-elf/gcc/riscv32-xilinx-elf/12.2.0/cc1 -quiet -v -I /media/hyperk2/SSD_DATA/GITHUB/vitis_Urbana_2024_1/platform_microblaze_riscv/microblaze_0/standalone_microblaze_0/bsp/include -iprefix /home/hyperk2/Xilinx/Vitis/2024.1/gnu/riscv/lin/riscv64-unknown-elf/x86_64-oesdk-linux/usr/bin/riscv32-xilinx-elf/../../lib/riscv32-xilinx-elf/gcc/riscv32-xilinx-elf/12.2.0/ -isysroot /home/hyperk2/Xilinx/Vitis/2024.1/gnu/riscv/lin/riscv64-unknown-elf/bin/../riscv32-xilinx-elf -MMD CMakeFiles/cmTC_52466.dir/CMakeCCompilerABI.c.d -MP -MQ CMakeFiles/cmTC_52466.dir/CMakeCCompilerABI.c.obj -D SDT /home/hyperk2/Xilinx/Vitis/2024.1/tps/lnx64/cmake-3.24.2/share/cmake-3.24/Modules/CMakeCCompilerABI.c -quiet -dumpdir CMakeFiles/cmTC_52466.dir/ -dumpbase CMakeCCompilerABI.c.c -dumpbase-ext .c -march=rv32imc_zicsr_zifencei -mabi=ilp32 -misa-spec=20191213 -march=rv32imc_zicsr_zifencei -O2 -version -o /tmp/ccQrvNQL.s]
  ignore line: [GNU C17 (GCC) version 12.2.0 (riscv32-xilinx-elf)]
  ignore line: [	compiled by GNU C version 12.2.0  GMP version 6.2.1  MPFR version 4.1.1  MPC version 1.2.1  isl version none]
  ignore line: [GGC heuristics: --param ggc-min-expand=100 --param ggc-min-heapsize=131072]
  ignore line: [ignoring nonexistent directory "/home/hyperk2/Xilinx/Vitis/2024.1/gnu/riscv/lin/riscv64-unknown-elf/x86_64-oesdk-linux/usr/bin/riscv32-xilinx-elf/../../lib/riscv32-xilinx-elf/gcc/riscv32-xilinx-elf/12.2.0/../../../../../riscv32-xilinx-elf/include"]
  ignore line: [ignoring duplicate directory "/home/hyperk2/Xilinx/Vitis/2024.1/gnu/riscv/lin/riscv64-unknown-elf/x86_64-oesdk-linux/usr/bin/riscv32-xilinx-elf/../../lib/riscv32-xilinx-elf/gcc/../../../lib/riscv32-xilinx-elf/gcc/riscv32-xilinx-elf/12.2.0/include"]
  ignore line: [ignoring nonexistent directory "/home/hyperk2/Xilinx/Vitis/2024.1/gnu/riscv/lin/riscv64-unknown-elf/bin/../riscv32-xilinx-elf/usr/lib/riscv32-xilinx-elf/12.2.0/include"]
  ignore line: [ignoring nonexistent directory "/home/hyperk2/Xilinx/Vitis/2024.1/gnu/riscv/lin/riscv64-unknown-elf/bin/../riscv32-xilinx-elf/usr/local/include"]
  ignore line: [ignoring duplicate directory "/home/hyperk2/Xilinx/Vitis/2024.1/gnu/riscv/lin/riscv64-unknown-elf/x86_64-oesdk-linux/usr/bin/riscv32-xilinx-elf/../../lib/riscv32-xilinx-elf/gcc/../../../lib/riscv32-xilinx-elf/gcc/riscv32-xilinx-elf/12.2.0/include-fixed"]
  ignore line: [ignoring nonexistent directory "/home/hyperk2/Xilinx/Vitis/2024.1/gnu/riscv/lin/riscv64-unknown-elf/x86_64-oesdk-linux/usr/bin/riscv32-xilinx-elf/../../lib/riscv32-xilinx-elf/gcc/../../../lib/riscv32-xilinx-elf/gcc/riscv32-xilinx-elf/12.2.0/../../../../../riscv32-xilinx-elf/include"]
  ignore line: [#include "..." search starts here:]
  ignore line: [#include <...> search starts here:]
  ignore line: [ /media/hyperk2/SSD_DATA/GITHUB/vitis_Urbana_2024_1/platform_microblaze_riscv/microblaze_0/standalone_microblaze_0/bsp/include]
  ignore line: [ /home/hyperk2/Xilinx/Vitis/2024.1/gnu/riscv/lin/riscv64-unknown-elf/x86_64-oesdk-linux/usr/bin/riscv32-xilinx-elf/../../lib/riscv32-xilinx-elf/gcc/riscv32-xilinx-elf/12.2.0/include]
  ignore line: [ /home/hyperk2/Xilinx/Vitis/2024.1/gnu/riscv/lin/riscv64-unknown-elf/x86_64-oesdk-linux/usr/bin/riscv32-xilinx-elf/../../lib/riscv32-xilinx-elf/gcc/riscv32-xilinx-elf/12.2.0/include-fixed]
  ignore line: [ /home/hyperk2/Xilinx/Vitis/2024.1/gnu/riscv/lin/riscv64-unknown-elf/bin/../riscv32-xilinx-elf/usr/include/]
  ignore line: [End of search list.]
  ignore line: [GNU C17 (GCC) version 12.2.0 (riscv32-xilinx-elf)]
  ignore line: [	compiled by GNU C version 12.2.0  GMP version 6.2.1  MPFR version 4.1.1  MPC version 1.2.1  isl version none]
  ignore line: [GGC heuristics: --param ggc-min-expand=100 --param ggc-min-heapsize=131072]
  ignore line: [Compiler executable checksum: d738ac6b35933caf472edb35b9ce845a]
  ignore line: [COLLECT_GCC_OPTIONS='--sysroot=/home/hyperk2/Xilinx/Vitis/2024.1/gnu/riscv/lin/riscv64-unknown-elf/bin/../riscv32-xilinx-elf' '-O2' '-march=rv32imc_zicsr_zifencei' '-mabi=ilp32' '-D' 'SDT' '-MMD' '-MP' '-specs=/media/hyperk2/SSD_DATA/GITHUB/vitis_Urbana_2024_1/platform_microblaze_riscv/microblaze_0/standalone_microblaze_0/bsp/Xilinx.spec' '-I' '/media/hyperk2/SSD_DATA/GITHUB/vitis_Urbana_2024_1/platform_microblaze_riscv/microblaze_0/standalone_microblaze_0/bsp/include' '-v' '-o' 'CMakeFiles/cmTC_52466.dir/CMakeCCompilerABI.c.obj' '-c' '-misa-spec=20191213' '-march=rv32imc_zicsr_zifencei' '-dumpdir' 'CMakeFiles/cmTC_52466.dir/']
  ignore line: [ /home/hyperk2/Xilinx/Vitis/2024.1/gnu/riscv/lin/riscv64-unknown-elf/x86_64-oesdk-linux/usr/bin/riscv32-xilinx-elf/../../libexec/riscv32-xilinx-elf/gcc/riscv32-xilinx-elf/12.2.0/as -v -I /media/hyperk2/SSD_DATA/GITHUB/vitis_Urbana_2024_1/platform_microblaze_riscv/microblaze_0/standalone_microblaze_0/bsp/include --traditional-format -march=rv32imc_zicsr_zifencei -march=rv32imc_zicsr_zifencei -mabi=ilp32 -misa-spec=20191213 -o CMakeFiles/cmTC_52466.dir/CMakeCCompilerABI.c.obj /tmp/ccQrvNQL.s]
  ignore line: [GNU assembler version 2.39.0 (riscv32-xilinx-elf) using BFD version (GNU Binutils) 2.39.0.20220819]
  ignore line: [COMPILER_PATH=/home/hyperk2/Xilinx/Vitis/2024.1/gnu/riscv/lin/riscv64-unknown-elf/x86_64-oesdk-linux/usr/bin/riscv32-xilinx-elf/../../libexec/riscv32-xilinx-elf/gcc/riscv32-xilinx-elf/12.2.0/:/home/hyperk2/Xilinx/Vitis/2024.1/gnu/riscv/lin/riscv64-unknown-elf/x86_64-oesdk-linux/usr/bin/riscv32-xilinx-elf/../../libexec/riscv32-xilinx-elf/gcc/]
  ignore line: [LIBRARY_PATH=/home/hyperk2/Xilinx/Vitis/2024.1/gnu/riscv/lin/riscv64-unknown-elf/x86_64-oesdk-linux/usr/bin/riscv32-xilinx-elf/../../lib/riscv32-xilinx-elf/gcc/riscv32-xilinx-elf/12.2.0/:/home/hyperk2/Xilinx/Vitis/2024.1/gnu/riscv/lin/riscv64-unknown-elf/x86_64-oesdk-linux/usr/bin/riscv32-xilinx-elf/../../lib/riscv32-xilinx-elf/gcc/:/home/hyperk2/Xilinx/Vitis/2024.1/gnu/riscv/lin/riscv64-unknown-elf/bin/../riscv32-xilinx-elf/usr/lib/riscv32-xilinx-elf/12.2.0/:/home/hyperk2/Xilinx/Vitis/2024.1/gnu/riscv/lin/riscv64-unknown-elf/bin/../riscv32-xilinx-elf/usr/lib/]
  ignore line: [COLLECT_GCC_OPTIONS='--sysroot=/home/hyperk2/Xilinx/Vitis/2024.1/gnu/riscv/lin/riscv64-unknown-elf/bin/../riscv32-xilinx-elf' '-O2' '-march=rv32imc_zicsr_zifencei' '-mabi=ilp32' '-D' 'SDT' '-MMD' '-MP' '-specs=/media/hyperk2/SSD_DATA/GITHUB/vitis_Urbana_2024_1/platform_microblaze_riscv/microblaze_0/standalone_microblaze_0/bsp/Xilinx.spec' '-I' '/media/hyperk2/SSD_DATA/GITHUB/vitis_Urbana_2024_1/platform_microblaze_riscv/microblaze_0/standalone_microblaze_0/bsp/include' '-v' '-o' 'CMakeFiles/cmTC_52466.dir/CMakeCCompilerABI.c.obj' '-c' '-misa-spec=20191213' '-march=rv32imc_zicsr_zifencei' '-dumpdir' 'CMakeFiles/cmTC_52466.dir/CMakeCCompilerABI.c.']
  ignore line: [Linking C static library libcmTC_52466.a]
  ignore line: [/home/hyperk2/Xilinx/Vitis/2024.1/tps/lnx64/cmake-3.24.2/bin/cmake -P CMakeFiles/cmTC_52466.dir/cmake_clean_target.cmake]
  ignore line: [/home/hyperk2/Xilinx/Vitis/2024.1/tps/lnx64/cmake-3.24.2/bin/cmake -E cmake_link_script CMakeFiles/cmTC_52466.dir/link.txt --verbose=1]
  ignore line: [riscv64-unknown-elf-ar qc libcmTC_52466.a CMakeFiles/cmTC_52466.dir/CMakeCCompilerABI.c.obj]
  ignore line: [/home/hyperk2/Xilinx/Vitis/2024.1/gnu/riscv/lin/riscv64-unknown-elf/bin/riscv64-unknown-elf-ranlib libcmTC_52466.a]
  ignore line: [gmake[1]: Leaving directory '/media/hyperk2/SSD_DATA/GITHUB/vitis_Urbana_2024_1/platform_microblaze_riscv/microblaze_0/standalone_microblaze_0/bsp/libsrc/build_configs/gen_bsp/CMakeFiles/CMakeTmp']
  ignore line: []
  ignore line: []
  implicit libs: []
  implicit objs: []
  implicit dirs: []
  implicit fwks: []


Detecting CXX compiler ABI info compiled with the following output:
Change Dir: /media/hyperk2/SSD_DATA/GITHUB/vitis_Urbana_2024_1/platform_microblaze_riscv/microblaze_0/standalone_microblaze_0/bsp/libsrc/build_configs/gen_bsp/CMakeFiles/CMakeTmp

Run Build Command(s):/bin/gmake -f Makefile cmTC_0c9cd/fast && /bin/gmake  -f CMakeFiles/cmTC_0c9cd.dir/build.make CMakeFiles/cmTC_0c9cd.dir/build
gmake[1]: Entering directory '/media/hyperk2/SSD_DATA/GITHUB/vitis_Urbana_2024_1/platform_microblaze_riscv/microblaze_0/standalone_microblaze_0/bsp/libsrc/build_configs/gen_bsp/CMakeFiles/CMakeTmp'
Building CXX object CMakeFiles/cmTC_0c9cd.dir/CMakeCXXCompilerABI.cpp.obj
/home/hyperk2/Xilinx/Vitis/2024.1/gnu/riscv/lin/riscv64-unknown-elf/bin/riscv64-unknown-elf-g++   -O2 -march=rv32imc_zicsr_zifencei -mabi=ilp32 -DSDT  -MMD -MP -specs=/media/hyperk2/SSD_DATA/GITHUB/vitis_Urbana_2024_1/platform_microblaze_riscv/microblaze_0/standalone_microblaze_0/bsp/Xilinx.spec -I/media/hyperk2/SSD_DATA/GITHUB/vitis_Urbana_2024_1/platform_microblaze_riscv/microblaze_0/standalone_microblaze_0/bsp/include    -v -o CMakeFiles/cmTC_0c9cd.dir/CMakeCXXCompilerABI.cpp.obj -c /home/hyperk2/Xilinx/Vitis/2024.1/tps/lnx64/cmake-3.24.2/share/cmake-3.24/Modules/CMakeCXXCompilerABI.cpp
Using built-in specs.
Reading specs from /media/hyperk2/SSD_DATA/GITHUB/vitis_Urbana_2024_1/platform_microblaze_riscv/microblaze_0/standalone_microblaze_0/bsp/Xilinx.spec
COLLECT_GCC=/home/hyperk2/Xilinx/Vitis/2024.1/gnu/riscv/lin/riscv64-unknown-elf/bin/../x86_64-oesdk-linux/usr/bin/riscv32-xilinx-elf/riscv32-xilinx-elf-g++.real
Target: riscv32-xilinx-elf
Configured with: ../../../../../../work-shared/gcc-12.2.0-r0/gcc-12.2.0/configure --build=x86_64-linux --host=x86_64-oesdk-linux --target=riscv32-xilinx-elf --prefix=/usr/local/oe-sdk-hardcoded-buildpath/sysroots/x86_64-oesdk-linux/usr --exec_prefix=/usr/local/oe-sdk-hardcoded-buildpath/sysroots/x86_64-oesdk-linux/usr --bindir=/usr/local/oe-sdk-hardcoded-buildpath/sysroots/x86_64-oesdk-linux/usr/bin/riscv32-xilinx-elf --sbindir=/usr/local/oe-sdk-hardcoded-buildpath/sysroots/x86_64-oesdk-linux/usr/bin/riscv32-xilinx-elf --libexecdir=/usr/local/oe-sdk-hardcoded-buildpath/sysroots/x86_64-oesdk-linux/usr/libexec/riscv32-xilinx-elf --datadir=/usr/local/oe-sdk-hardcoded-buildpath/sysroots/x86_64-oesdk-linux/usr/share --sysconfdir=/usr/local/oe-sdk-hardcoded-buildpath/sysroots/x86_64-oesdk-linux/etc --sharedstatedir=/usr/local/oe-sdk-hardcoded-buildpath/sysroots/x86_64-oesdk-linux/com --localstatedir=/usr/local/oe-sdk-hardcoded-buildpath/sysroots/x86_64-oesdk-linux/var --libdir=/usr/local/oe-sdk-hardcoded-buildpath/sysroots/x86_64-oesdk-linux/usr/lib/riscv32-xilinx-elf --includedir=/usr/local/oe-sdk-hardcoded-buildpath/sysroots/x86_64-oesdk-linux/usr/include --oldincludedir=/usr/local/oe-sdk-hardcoded-buildpath/sysroots/x86_64-oesdk-linux/usr/include --infodir=/usr/local/oe-sdk-hardcoded-buildpath/sysroots/x86_64-oesdk-linux/usr/share/info --mandir=/usr/local/oe-sdk-hardcoded-buildpath/sysroots/x86_64-oesdk-linux/usr/share/man --disable-silent-rules --disable-dependency-tracking --with-libtool-sysroot=/scratch/jenkins-BUILDS-eSDK-toolchain-2024.1_toolchain-28_Standalone_riscv-tc/build/riscv-tc-x86_64/work/x86_64-nativesdk-oesdk-linux/gcc-cross-canadian-riscv32/12.2.0-r0/recipe-sysroot --with-gnu-ld --enable-shared --enable-languages=c,c++,fortran --enable-threads=posix --enable-multilib --enable-c99 --enable-long-long --enable-libstdcxx-pch --program-prefix=riscv32-xilinx-elf- --without-local-prefix --disable-install-libiberty --disable-libssp --enable-libitm --enable-lto --disable-bootstrap --with-system-zlib --enable-linker-build-id --with-ppl=no --with-cloog=no --enable-checking=release --enable-cheaders=c_global --without-isl --with-gxx-include-dir=/not/exist/usr/include/c++/12.2.0 --with-build-time-tools=/scratch/jenkins-BUILDS-eSDK-toolchain-2024.1_toolchain-28_Standalone_riscv-tc/build/riscv-tc-x86_64/work/x86_64-nativesdk-oesdk-linux/gcc-cross-canadian-riscv32/12.2.0-r0/recipe-sysroot-native/usr/riscv32-xilinx-elf/bin --with-sysroot=/not/exist --with-build-sysroot=/scratch/jenkins-BUILDS-eSDK-toolchain-2024.1_toolchain-28_Standalone_riscv-tc/build/riscv-tc-x86_64/work/x86_64-nativesdk-oesdk-linux/gcc-cross-canadian-riscv32/12.2.0-r0/recipe-sysroot --enable-standard-branch-protection --with-plugin-ld=ld --enable-poison-system-directories --disable-static --enable-nls --with-glibc-version=2.28 --enable-initfini-array --with-multilib-generator='rv32i-ilp32--;rv32if-ilp32f--;rv32ic-ilp32--;rv32ifc-ilp32f--;rv32im-ilp32--;rv32imf-ilp32f--;rv32imc-ilp32--;rv32imfc-ilp32f--;rv64i-lp64--;rv64if-lp64f--;rv64ic-lp64--;rv64ifc-lp64f--;rv64im-lp64--;rv64imf-lp64f--;rv64imc-lp64--;rv64imfc-lp64f--;rv32imfdc-ilp32d--;rv64imfdc-lp64d--' --enable-multilib --disable-libstdcxx-pch --with-newlib --disable-threads --enable-plugins --with-gnu-as --disable-libitm --with-sysroot=/not/exist
Thread model: single
Supported LTO compression algorithms: zlib zstd
gcc version 12.2.0 (GCC) 
COLLECT_GCC_OPTIONS='--sysroot=/home/hyperk2/Xilinx/Vitis/2024.1/gnu/riscv/lin/riscv64-unknown-elf/bin/../riscv32-xilinx-elf' '-O2' '-march=rv32imc_zicsr_zifencei' '-mabi=ilp32' '-D' 'SDT' '-MMD' '-MP' '-specs=/media/hyperk2/SSD_DATA/GITHUB/vitis_Urbana_2024_1/platform_microblaze_riscv/microblaze_0/standalone_microblaze_0/bsp/Xilinx.spec' '-I' '/media/hyperk2/SSD_DATA/GITHUB/vitis_Urbana_2024_1/platform_microblaze_riscv/microblaze_0/standalone_microblaze_0/bsp/include' '-v' '-o' 'CMakeFiles/cmTC_0c9cd.dir/CMakeCXXCompilerABI.cpp.obj' '-c' '-misa-spec=20191213' '-march=rv32imc_zicsr_zifencei' '-dumpdir' 'CMakeFiles/cmTC_0c9cd.dir/'
 /home/hyperk2/Xilinx/Vitis/2024.1/gnu/riscv/lin/riscv64-unknown-elf/x86_64-oesdk-linux/usr/bin/riscv32-xilinx-elf/../../libexec/riscv32-xilinx-elf/gcc/riscv32-xilinx-elf/12.2.0/cc1plus -quiet -v -I /media/hyperk2/SSD_DATA/GITHUB/vitis_Urbana_2024_1/platform_microblaze_riscv/microblaze_0/standalone_microblaze_0/bsp/include -iprefix /home/hyperk2/Xilinx/Vitis/2024.1/gnu/riscv/lin/riscv64-unknown-elf/x86_64-oesdk-linux/usr/bin/riscv32-xilinx-elf/../../lib/riscv32-xilinx-elf/gcc/riscv32-xilinx-elf/12.2.0/ -isysroot /home/hyperk2/Xilinx/Vitis/2024.1/gnu/riscv/lin/riscv64-unknown-elf/bin/../riscv32-xilinx-elf -MMD CMakeFiles/cmTC_0c9cd.dir/CMakeCXXCompilerABI.cpp.d -MP -MQ CMakeFiles/cmTC_0c9cd.dir/CMakeCXXCompilerABI.cpp.obj -D SDT /home/hyperk2/Xilinx/Vitis/2024.1/tps/lnx64/cmake-3.24.2/share/cmake-3.24/Modules/CMakeCXXCompilerABI.cpp -quiet -dumpdir CMakeFiles/cmTC_0c9cd.dir/ -dumpbase CMakeCXXCompilerABI.cpp.cpp -dumpbase-ext .cpp -march=rv32imc_zicsr_zifencei -mabi=ilp32 -misa-spec=20191213 -march=rv32imc_zicsr_zifencei -O2 -version -o /tmp/ccgiWiug.s
GNU C++17 (GCC) version 12.2.0 (riscv32-xilinx-elf)
	compiled by GNU C version 12.2.0, GMP version 6.2.1, MPFR version 4.1.1, MPC version 1.2.1, isl version none
GGC heuristics: --param ggc-min-expand=100 --param ggc-min-heapsize=131072
ignoring nonexistent directory "/home/hyperk2/Xilinx/Vitis/2024.1/gnu/riscv/lin/riscv64-unknown-elf/x86_64-oesdk-linux/usr/bin/riscv32-xilinx-elf/../../lib/riscv32-xilinx-elf/gcc/riscv32-xilinx-elf/12.2.0/../../../../../riscv32-xilinx-elf/include"
ignoring duplicate directory "/home/hyperk2/Xilinx/Vitis/2024.1/gnu/riscv/lin/riscv64-unknown-elf/x86_64-oesdk-linux/usr/bin/riscv32-xilinx-elf/../../lib/riscv32-xilinx-elf/gcc/../../../lib/riscv32-xilinx-elf/gcc/riscv32-xilinx-elf/12.2.0/include"
ignoring nonexistent directory "/home/hyperk2/Xilinx/Vitis/2024.1/gnu/riscv/lin/riscv64-unknown-elf/bin/../riscv32-xilinx-elf/usr/lib/riscv32-xilinx-elf/12.2.0/include"
ignoring nonexistent directory "/home/hyperk2/Xilinx/Vitis/2024.1/gnu/riscv/lin/riscv64-unknown-elf/bin/../riscv32-xilinx-elf/usr/local/include"
ignoring duplicate directory "/home/hyperk2/Xilinx/Vitis/2024.1/gnu/riscv/lin/riscv64-unknown-elf/x86_64-oesdk-linux/usr/bin/riscv32-xilinx-elf/../../lib/riscv32-xilinx-elf/gcc/../../../lib/riscv32-xilinx-elf/gcc/riscv32-xilinx-elf/12.2.0/include-fixed"
ignoring nonexistent directory "/home/hyperk2/Xilinx/Vitis/2024.1/gnu/riscv/lin/riscv64-unknown-elf/x86_64-oesdk-linux/usr/bin/riscv32-xilinx-elf/../../lib/riscv32-xilinx-elf/gcc/../../../lib/riscv32-xilinx-elf/gcc/riscv32-xilinx-elf/12.2.0/../../../../../riscv32-xilinx-elf/include"
#include "..." search starts here:
#include <...> search starts here:
 /media/hyperk2/SSD_DATA/GITHUB/vitis_Urbana_2024_1/platform_microblaze_riscv/microblaze_0/standalone_microblaze_0/bsp/include
 /home/hyperk2/Xilinx/Vitis/2024.1/gnu/riscv/lin/riscv64-unknown-elf/x86_64-oesdk-linux/usr/bin/riscv32-xilinx-elf/../../lib/riscv32-xilinx-elf/gcc/riscv32-xilinx-elf/12.2.0/include
 /home/hyperk2/Xilinx/Vitis/2024.1/gnu/riscv/lin/riscv64-unknown-elf/x86_64-oesdk-linux/usr/bin/riscv32-xilinx-elf/../../lib/riscv32-xilinx-elf/gcc/riscv32-xilinx-elf/12.2.0/include-fixed
 /home/hyperk2/Xilinx/Vitis/2024.1/gnu/riscv/lin/riscv64-unknown-elf/bin/../riscv32-xilinx-elf/usr/include/c++/12.2.0
 /home/hyperk2/Xilinx/Vitis/2024.1/gnu/riscv/lin/riscv64-unknown-elf/bin/../riscv32-xilinx-elf/usr/include/c++/12.2.0/riscv32-xilinx-elf
 /home/hyperk2/Xilinx/Vitis/2024.1/gnu/riscv/lin/riscv64-unknown-elf/bin/../riscv32-xilinx-elf/usr/include/c++/12.2.0/backward
 /home/hyperk2/Xilinx/Vitis/2024.1/gnu/riscv/lin/riscv64-unknown-elf/bin/../riscv32-xilinx-elf/usr/include/
End of search list.
GNU C++17 (GCC) version 12.2.0 (riscv32-xilinx-elf)
	compiled by GNU C version 12.2.0, GMP version 6.2.1, MPFR version 4.1.1, MPC version 1.2.1, isl version none
GGC heuristics: --param ggc-min-expand=100 --param ggc-min-heapsize=131072
Compiler executable checksum: 858f4f549023452bf7a90d44ff05d861
COLLECT_GCC_OPTIONS='--sysroot=/home/hyperk2/Xilinx/Vitis/2024.1/gnu/riscv/lin/riscv64-unknown-elf/bin/../riscv32-xilinx-elf' '-O2' '-march=rv32imc_zicsr_zifencei' '-mabi=ilp32' '-D' 'SDT' '-MMD' '-MP' '-specs=/media/hyperk2/SSD_DATA/GITHUB/vitis_Urbana_2024_1/platform_microblaze_riscv/microblaze_0/standalone_microblaze_0/bsp/Xilinx.spec' '-I' '/media/hyperk2/SSD_DATA/GITHUB/vitis_Urbana_2024_1/platform_microblaze_riscv/microblaze_0/standalone_microblaze_0/bsp/include' '-v' '-o' 'CMakeFiles/cmTC_0c9cd.dir/CMakeCXXCompilerABI.cpp.obj' '-c' '-misa-spec=20191213' '-march=rv32imc_zicsr_zifencei' '-dumpdir' 'CMakeFiles/cmTC_0c9cd.dir/'
 /home/hyperk2/Xilinx/Vitis/2024.1/gnu/riscv/lin/riscv64-unknown-elf/x86_64-oesdk-linux/usr/bin/riscv32-xilinx-elf/../../libexec/riscv32-xilinx-elf/gcc/riscv32-xilinx-elf/12.2.0/as -v -I /media/hyperk2/SSD_DATA/GITHUB/vitis_Urbana_2024_1/platform_microblaze_riscv/microblaze_0/standalone_microblaze_0/bsp/include --traditional-format -march=rv32imc_zicsr_zifencei -march=rv32imc_zicsr_zifencei -mabi=ilp32 -misa-spec=20191213 -o CMakeFiles/cmTC_0c9cd.dir/CMakeCXXCompilerABI.cpp.obj /tmp/ccgiWiug.s
GNU assembler version 2.39.0 (riscv32-xilinx-elf) using BFD version (GNU Binutils) 2.39.0.20220819
COMPILER_PATH=/home/hyperk2/Xilinx/Vitis/2024.1/gnu/riscv/lin/riscv64-unknown-elf/x86_64-oesdk-linux/usr/bin/riscv32-xilinx-elf/../../libexec/riscv32-xilinx-elf/gcc/riscv32-xilinx-elf/12.2.0/:/home/hyperk2/Xilinx/Vitis/2024.1/gnu/riscv/lin/riscv64-unknown-elf/x86_64-oesdk-linux/usr/bin/riscv32-xilinx-elf/../../libexec/riscv32-xilinx-elf/gcc/
LIBRARY_PATH=/home/hyperk2/Xilinx/Vitis/2024.1/gnu/riscv/lin/riscv64-unknown-elf/x86_64-oesdk-linux/usr/bin/riscv32-xilinx-elf/../../lib/riscv32-xilinx-elf/gcc/riscv32-xilinx-elf/12.2.0/:/home/hyperk2/Xilinx/Vitis/2024.1/gnu/riscv/lin/riscv64-unknown-elf/x86_64-oesdk-linux/usr/bin/riscv32-xilinx-elf/../../lib/riscv32-xilinx-elf/gcc/:/home/hyperk2/Xilinx/Vitis/2024.1/gnu/riscv/lin/riscv64-unknown-elf/bin/../riscv32-xilinx-elf/usr/lib/riscv32-xilinx-elf/12.2.0/:/home/hyperk2/Xilinx/Vitis/2024.1/gnu/riscv/lin/riscv64-unknown-elf/bin/../riscv32-xilinx-elf/usr/lib/
COLLECT_GCC_OPTIONS='--sysroot=/home/hyperk2/Xilinx/Vitis/2024.1/gnu/riscv/lin/riscv64-unknown-elf/bin/../riscv32-xilinx-elf' '-O2' '-march=rv32imc_zicsr_zifencei' '-mabi=ilp32' '-D' 'SDT' '-MMD' '-MP' '-specs=/media/hyperk2/SSD_DATA/GITHUB/vitis_Urbana_2024_1/platform_microblaze_riscv/microblaze_0/standalone_microblaze_0/bsp/Xilinx.spec' '-I' '/media/hyperk2/SSD_DATA/GITHUB/vitis_Urbana_2024_1/platform_microblaze_riscv/microblaze_0/standalone_microblaze_0/bsp/include' '-v' '-o' 'CMakeFiles/cmTC_0c9cd.dir/CMakeCXXCompilerABI.cpp.obj' '-c' '-misa-spec=20191213' '-march=rv32imc_zicsr_zifencei' '-dumpdir' 'CMakeFiles/cmTC_0c9cd.dir/CMakeCXXCompilerABI.cpp.'
Linking CXX static library libcmTC_0c9cd.a
/home/hyperk2/Xilinx/Vitis/2024.1/tps/lnx64/cmake-3.24.2/bin/cmake -P CMakeFiles/cmTC_0c9cd.dir/cmake_clean_target.cmake
/home/hyperk2/Xilinx/Vitis/2024.1/tps/lnx64/cmake-3.24.2/bin/cmake -E cmake_link_script CMakeFiles/cmTC_0c9cd.dir/link.txt --verbose=1
riscv64-unknown-elf-ar qc libcmTC_0c9cd.a CMakeFiles/cmTC_0c9cd.dir/CMakeCXXCompilerABI.cpp.obj
/home/hyperk2/Xilinx/Vitis/2024.1/gnu/riscv/lin/riscv64-unknown-elf/bin/riscv64-unknown-elf-ranlib libcmTC_0c9cd.a
gmake[1]: Leaving directory '/media/hyperk2/SSD_DATA/GITHUB/vitis_Urbana_2024_1/platform_microblaze_riscv/microblaze_0/standalone_microblaze_0/bsp/libsrc/build_configs/gen_bsp/CMakeFiles/CMakeTmp'



Parsed CXX implicit include dir info from above output: rv=done
  found start of include info
  found start of implicit include info
    add: [/media/hyperk2/SSD_DATA/GITHUB/vitis_Urbana_2024_1/platform_microblaze_riscv/microblaze_0/standalone_microblaze_0/bsp/include]
    add: [/home/hyperk2/Xilinx/Vitis/2024.1/gnu/riscv/lin/riscv64-unknown-elf/x86_64-oesdk-linux/usr/bin/riscv32-xilinx-elf/../../lib/riscv32-xilinx-elf/gcc/riscv32-xilinx-elf/12.2.0/include]
    add: [/home/hyperk2/Xilinx/Vitis/2024.1/gnu/riscv/lin/riscv64-unknown-elf/x86_64-oesdk-linux/usr/bin/riscv32-xilinx-elf/../../lib/riscv32-xilinx-elf/gcc/riscv32-xilinx-elf/12.2.0/include-fixed]
    add: [/home/hyperk2/Xilinx/Vitis/2024.1/gnu/riscv/lin/riscv64-unknown-elf/bin/../riscv32-xilinx-elf/usr/include/c++/12.2.0]
    add: [/home/hyperk2/Xilinx/Vitis/2024.1/gnu/riscv/lin/riscv64-unknown-elf/bin/../riscv32-xilinx-elf/usr/include/c++/12.2.0/riscv32-xilinx-elf]
    add: [/home/hyperk2/Xilinx/Vitis/2024.1/gnu/riscv/lin/riscv64-unknown-elf/bin/../riscv32-xilinx-elf/usr/include/c++/12.2.0/backward]
    add: [/home/hyperk2/Xilinx/Vitis/2024.1/gnu/riscv/lin/riscv64-unknown-elf/bin/../riscv32-xilinx-elf/usr/include/]
  end of search list found
  collapse include dir [/media/hyperk2/SSD_DATA/GITHUB/vitis_Urbana_2024_1/platform_microblaze_riscv/microblaze_0/standalone_microblaze_0/bsp/include] ==> [/media/hyperk2/SSD_DATA/GITHUB/vitis_Urbana_2024_1/platform_microblaze_riscv/microblaze_0/standalone_microblaze_0/bsp/include]
  collapse include dir [/home/hyperk2/Xilinx/Vitis/2024.1/gnu/riscv/lin/riscv64-unknown-elf/x86_64-oesdk-linux/usr/bin/riscv32-xilinx-elf/../../lib/riscv32-xilinx-elf/gcc/riscv32-xilinx-elf/12.2.0/include] ==> [/home/hyperk2/Xilinx/Vitis/2024.1/gnu/riscv/lin/riscv64-unknown-elf/x86_64-oesdk-linux/usr/lib/riscv32-xilinx-elf/gcc/riscv32-xilinx-elf/12.2.0/include]
  collapse include dir [/home/hyperk2/Xilinx/Vitis/2024.1/gnu/riscv/lin/riscv64-unknown-elf/x86_64-oesdk-linux/usr/bin/riscv32-xilinx-elf/../../lib/riscv32-xilinx-elf/gcc/riscv32-xilinx-elf/12.2.0/include-fixed] ==> [/home/hyperk2/Xilinx/Vitis/2024.1/gnu/riscv/lin/riscv64-unknown-elf/x86_64-oesdk-linux/usr/lib/riscv32-xilinx-elf/gcc/riscv32-xilinx-elf/12.2.0/include-fixed]
  collapse include dir [/home/hyperk2/Xilinx/Vitis/2024.1/gnu/riscv/lin/riscv64-unknown-elf/bin/../riscv32-xilinx-elf/usr/include/c++/12.2.0] ==> [/home/hyperk2/Xilinx/Vitis/2024.1/gnu/riscv/lin/riscv64-unknown-elf/riscv32-xilinx-elf/usr/include/c++/12.2.0]
  collapse include dir [/home/hyperk2/Xilinx/Vitis/2024.1/gnu/riscv/lin/riscv64-unknown-elf/bin/../riscv32-xilinx-elf/usr/include/c++/12.2.0/riscv32-xilinx-elf] ==> [/home/hyperk2/Xilinx/Vitis/2024.1/gnu/riscv/lin/riscv64-unknown-elf/riscv32-xilinx-elf/usr/include/c++/12.2.0/riscv32-xilinx-elf]
  collapse include dir [/home/hyperk2/Xilinx/Vitis/2024.1/gnu/riscv/lin/riscv64-unknown-elf/bin/../riscv32-xilinx-elf/usr/include/c++/12.2.0/backward] ==> [/home/hyperk2/Xilinx/Vitis/2024.1/gnu/riscv/lin/riscv64-unknown-elf/riscv32-xilinx-elf/usr/include/c++/12.2.0/backward]
  collapse include dir [/home/hyperk2/Xilinx/Vitis/2024.1/gnu/riscv/lin/riscv64-unknown-elf/bin/../riscv32-xilinx-elf/usr/include/] ==> [/home/hyperk2/Xilinx/Vitis/2024.1/gnu/riscv/lin/riscv64-unknown-elf/riscv32-xilinx-elf/usr/include]
  implicit include dirs: [/media/hyperk2/SSD_DATA/GITHUB/vitis_Urbana_2024_1/platform_microblaze_riscv/microblaze_0/standalone_microblaze_0/bsp/include;/home/hyperk2/Xilinx/Vitis/2024.1/gnu/riscv/lin/riscv64-unknown-elf/x86_64-oesdk-linux/usr/lib/riscv32-xilinx-elf/gcc/riscv32-xilinx-elf/12.2.0/include;/home/hyperk2/Xilinx/Vitis/2024.1/gnu/riscv/lin/riscv64-unknown-elf/x86_64-oesdk-linux/usr/lib/riscv32-xilinx-elf/gcc/riscv32-xilinx-elf/12.2.0/include-fixed;/home/hyperk2/Xilinx/Vitis/2024.1/gnu/riscv/lin/riscv64-unknown-elf/riscv32-xilinx-elf/usr/include/c++/12.2.0;/home/hyperk2/Xilinx/Vitis/2024.1/gnu/riscv/lin/riscv64-unknown-elf/riscv32-xilinx-elf/usr/include/c++/12.2.0/riscv32-xilinx-elf;/home/hyperk2/Xilinx/Vitis/2024.1/gnu/riscv/lin/riscv64-unknown-elf/riscv32-xilinx-elf/usr/include/c++/12.2.0/backward;/home/hyperk2/Xilinx/Vitis/2024.1/gnu/riscv/lin/riscv64-unknown-elf/riscv32-xilinx-elf/usr/include]


Parsed CXX implicit link information from above output:
  link line regex: [^( *|.*[/\])(riscv64-unknown-elf-ld|CMAKE_LINK_STARTFILE-NOTFOUND|([^/\]+-)?ld|collect2)[^/\]*( |$)]
  ignore line: [Change Dir: /media/hyperk2/SSD_DATA/GITHUB/vitis_Urbana_2024_1/platform_microblaze_riscv/microblaze_0/standalone_microblaze_0/bsp/libsrc/build_configs/gen_bsp/CMakeFiles/CMakeTmp]
  ignore line: []
  ignore line: [Run Build Command(s):/bin/gmake -f Makefile cmTC_0c9cd/fast && /bin/gmake  -f CMakeFiles/cmTC_0c9cd.dir/build.make CMakeFiles/cmTC_0c9cd.dir/build]
  ignore line: [gmake[1]: Entering directory '/media/hyperk2/SSD_DATA/GITHUB/vitis_Urbana_2024_1/platform_microblaze_riscv/microblaze_0/standalone_microblaze_0/bsp/libsrc/build_configs/gen_bsp/CMakeFiles/CMakeTmp']
  ignore line: [Building CXX object CMakeFiles/cmTC_0c9cd.dir/CMakeCXXCompilerABI.cpp.obj]
  ignore line: [/home/hyperk2/Xilinx/Vitis/2024.1/gnu/riscv/lin/riscv64-unknown-elf/bin/riscv64-unknown-elf-g++   -O2 -march=rv32imc_zicsr_zifencei -mabi=ilp32 -DSDT  -MMD -MP -specs=/media/hyperk2/SSD_DATA/GITHUB/vitis_Urbana_2024_1/platform_microblaze_riscv/microblaze_0/standalone_microblaze_0/bsp/Xilinx.spec -I/media/hyperk2/SSD_DATA/GITHUB/vitis_Urbana_2024_1/platform_microblaze_riscv/microblaze_0/standalone_microblaze_0/bsp/include    -v -o CMakeFiles/cmTC_0c9cd.dir/CMakeCXXCompilerABI.cpp.obj -c /home/hyperk2/Xilinx/Vitis/2024.1/tps/lnx64/cmake-3.24.2/share/cmake-3.24/Modules/CMakeCXXCompilerABI.cpp]
  ignore line: [Using built-in specs.]
  ignore line: [Reading specs from /media/hyperk2/SSD_DATA/GITHUB/vitis_Urbana_2024_1/platform_microblaze_riscv/microblaze_0/standalone_microblaze_0/bsp/Xilinx.spec]
  ignore line: [COLLECT_GCC=/home/hyperk2/Xilinx/Vitis/2024.1/gnu/riscv/lin/riscv64-unknown-elf/bin/../x86_64-oesdk-linux/usr/bin/riscv32-xilinx-elf/riscv32-xilinx-elf-g++.real]
  ignore line: [Target: riscv32-xilinx-elf]
  ignore line: [Configured with: ../../../../../../work-shared/gcc-12.2.0-r0/gcc-12.2.0/configure --build=x86_64-linux --host=x86_64-oesdk-linux --target=riscv32-xilinx-elf --prefix=/usr/local/oe-sdk-hardcoded-buildpath/sysroots/x86_64-oesdk-linux/usr --exec_prefix=/usr/local/oe-sdk-hardcoded-buildpath/sysroots/x86_64-oesdk-linux/usr --bindir=/usr/local/oe-sdk-hardcoded-buildpath/sysroots/x86_64-oesdk-linux/usr/bin/riscv32-xilinx-elf --sbindir=/usr/local/oe-sdk-hardcoded-buildpath/sysroots/x86_64-oesdk-linux/usr/bin/riscv32-xilinx-elf --libexecdir=/usr/local/oe-sdk-hardcoded-buildpath/sysroots/x86_64-oesdk-linux/usr/libexec/riscv32-xilinx-elf --datadir=/usr/local/oe-sdk-hardcoded-buildpath/sysroots/x86_64-oesdk-linux/usr/share --sysconfdir=/usr/local/oe-sdk-hardcoded-buildpath/sysroots/x86_64-oesdk-linux/etc --sharedstatedir=/usr/local/oe-sdk-hardcoded-buildpath/sysroots/x86_64-oesdk-linux/com --localstatedir=/usr/local/oe-sdk-hardcoded-buildpath/sysroots/x86_64-oesdk-linux/var --libdir=/usr/local/oe-sdk-hardcoded-buildpath/sysroots/x86_64-oesdk-linux/usr/lib/riscv32-xilinx-elf --includedir=/usr/local/oe-sdk-hardcoded-buildpath/sysroots/x86_64-oesdk-linux/usr/include --oldincludedir=/usr/local/oe-sdk-hardcoded-buildpath/sysroots/x86_64-oesdk-linux/usr/include --infodir=/usr/local/oe-sdk-hardcoded-buildpath/sysroots/x86_64-oesdk-linux/usr/share/info --mandir=/usr/local/oe-sdk-hardcoded-buildpath/sysroots/x86_64-oesdk-linux/usr/share/man --disable-silent-rules --disable-dependency-tracking --with-libtool-sysroot=/scratch/jenkins-BUILDS-eSDK-toolchain-2024.1_toolchain-28_Standalone_riscv-tc/build/riscv-tc-x86_64/work/x86_64-nativesdk-oesdk-linux/gcc-cross-canadian-riscv32/12.2.0-r0/recipe-sysroot --with-gnu-ld --enable-shared --enable-languages=c,c++,fortran --enable-threads=posix --enable-multilib --enable-c99 --enable-long-long --enable-libstdcxx-pch --program-prefix=riscv32-xilinx-elf- --without-local-prefix --disable-install-libiberty --disable-libssp --enable-libitm --enable-lto --disable-bootstrap --with-system-zlib --enable-linker-build-id --with-ppl=no --with-cloog=no --enable-checking=release --enable-cheaders=c_global --without-isl --with-gxx-include-dir=/not/exist/usr/include/c++/12.2.0 --with-build-time-tools=/scratch/jenkins-BUILDS-eSDK-toolchain-2024.1_toolchain-28_Standalone_riscv-tc/build/riscv-tc-x86_64/work/x86_64-nativesdk-oesdk-linux/gcc-cross-canadian-riscv32/12.2.0-r0/recipe-sysroot-native/usr/riscv32-xilinx-elf/bin --with-sysroot=/not/exist --with-build-sysroot=/scratch/jenkins-BUILDS-eSDK-toolchain-2024.1_toolchain-28_Standalone_riscv-tc/build/riscv-tc-x86_64/work/x86_64-nativesdk-oesdk-linux/gcc-cross-canadian-riscv32/12.2.0-r0/recipe-sysroot --enable-standard-branch-protection --with-plugin-ld=ld --enable-poison-system-directories --disable-static --enable-nls --with-glibc-version=2.28 --enable-initfini-array --with-multilib-generator='rv32i-ilp32--]
  ignore line: [rv32if-ilp32f--]
  ignore line: [rv32ic-ilp32--]
  ignore line: [rv32ifc-ilp32f--]
  ignore line: [rv32im-ilp32--]
  ignore line: [rv32imf-ilp32f--]
  ignore line: [rv32imc-ilp32--]
  ignore line: [rv32imfc-ilp32f--]
  ignore line: [rv64i-lp64--]
  ignore line: [rv64if-lp64f--]
  ignore line: [rv64ic-lp64--]
  ignore line: [rv64ifc-lp64f--]
  ignore line: [rv64im-lp64--]
  ignore line: [rv64imf-lp64f--]
  ignore line: [rv64imc-lp64--]
  ignore line: [rv64imfc-lp64f--]
  ignore line: [rv32imfdc-ilp32d--]
  ignore line: [rv64imfdc-lp64d--' --enable-multilib --disable-libstdcxx-pch --with-newlib --disable-threads --enable-plugins --with-gnu-as --disable-libitm --with-sysroot=/not/exist]
  ignore line: [Thread model: single]
  ignore line: [Supported LTO compression algorithms: zlib zstd]
  ignore line: [gcc version 12.2.0 (GCC) ]
  ignore line: [COLLECT_GCC_OPTIONS='--sysroot=/home/hyperk2/Xilinx/Vitis/2024.1/gnu/riscv/lin/riscv64-unknown-elf/bin/../riscv32-xilinx-elf' '-O2' '-march=rv32imc_zicsr_zifencei' '-mabi=ilp32' '-D' 'SDT' '-MMD' '-MP' '-specs=/media/hyperk2/SSD_DATA/GITHUB/vitis_Urbana_2024_1/platform_microblaze_riscv/microblaze_0/standalone_microblaze_0/bsp/Xilinx.spec' '-I' '/media/hyperk2/SSD_DATA/GITHUB/vitis_Urbana_2024_1/platform_microblaze_riscv/microblaze_0/standalone_microblaze_0/bsp/include' '-v' '-o' 'CMakeFiles/cmTC_0c9cd.dir/CMakeCXXCompilerABI.cpp.obj' '-c' '-misa-spec=20191213' '-march=rv32imc_zicsr_zifencei' '-dumpdir' 'CMakeFiles/cmTC_0c9cd.dir/']
  ignore line: [ /home/hyperk2/Xilinx/Vitis/2024.1/gnu/riscv/lin/riscv64-unknown-elf/x86_64-oesdk-linux/usr/bin/riscv32-xilinx-elf/../../libexec/riscv32-xilinx-elf/gcc/riscv32-xilinx-elf/12.2.0/cc1plus -quiet -v -I /media/hyperk2/SSD_DATA/GITHUB/vitis_Urbana_2024_1/platform_microblaze_riscv/microblaze_0/standalone_microblaze_0/bsp/include -iprefix /home/hyperk2/Xilinx/Vitis/2024.1/gnu/riscv/lin/riscv64-unknown-elf/x86_64-oesdk-linux/usr/bin/riscv32-xilinx-elf/../../lib/riscv32-xilinx-elf/gcc/riscv32-xilinx-elf/12.2.0/ -isysroot /home/hyperk2/Xilinx/Vitis/2024.1/gnu/riscv/lin/riscv64-unknown-elf/bin/../riscv32-xilinx-elf -MMD CMakeFiles/cmTC_0c9cd.dir/CMakeCXXCompilerABI.cpp.d -MP -MQ CMakeFiles/cmTC_0c9cd.dir/CMakeCXXCompilerABI.cpp.obj -D SDT /home/hyperk2/Xilinx/Vitis/2024.1/tps/lnx64/cmake-3.24.2/share/cmake-3.24/Modules/CMakeCXXCompilerABI.cpp -quiet -dumpdir CMakeFiles/cmTC_0c9cd.dir/ -dumpbase CMakeCXXCompilerABI.cpp.cpp -dumpbase-ext .cpp -march=rv32imc_zicsr_zifencei -mabi=ilp32 -misa-spec=20191213 -march=rv32imc_zicsr_zifencei -O2 -version -o /tmp/ccgiWiug.s]
  ignore line: [GNU C++17 (GCC) version 12.2.0 (riscv32-xilinx-elf)]
  ignore line: [	compiled by GNU C version 12.2.0  GMP version 6.2.1  MPFR version 4.1.1  MPC version 1.2.1  isl version none]
  ignore line: [GGC heuristics: --param ggc-min-expand=100 --param ggc-min-heapsize=131072]
  ignore line: [ignoring nonexistent directory "/home/hyperk2/Xilinx/Vitis/2024.1/gnu/riscv/lin/riscv64-unknown-elf/x86_64-oesdk-linux/usr/bin/riscv32-xilinx-elf/../../lib/riscv32-xilinx-elf/gcc/riscv32-xilinx-elf/12.2.0/../../../../../riscv32-xilinx-elf/include"]
  ignore line: [ignoring duplicate directory "/home/hyperk2/Xilinx/Vitis/2024.1/gnu/riscv/lin/riscv64-unknown-elf/x86_64-oesdk-linux/usr/bin/riscv32-xilinx-elf/../../lib/riscv32-xilinx-elf/gcc/../../../lib/riscv32-xilinx-elf/gcc/riscv32-xilinx-elf/12.2.0/include"]
  ignore line: [ignoring nonexistent directory "/home/hyperk2/Xilinx/Vitis/2024.1/gnu/riscv/lin/riscv64-unknown-elf/bin/../riscv32-xilinx-elf/usr/lib/riscv32-xilinx-elf/12.2.0/include"]
  ignore line: [ignoring nonexistent directory "/home/hyperk2/Xilinx/Vitis/2024.1/gnu/riscv/lin/riscv64-unknown-elf/bin/../riscv32-xilinx-elf/usr/local/include"]
  ignore line: [ignoring duplicate directory "/home/hyperk2/Xilinx/Vitis/2024.1/gnu/riscv/lin/riscv64-unknown-elf/x86_64-oesdk-linux/usr/bin/riscv32-xilinx-elf/../../lib/riscv32-xilinx-elf/gcc/../../../lib/riscv32-xilinx-elf/gcc/riscv32-xilinx-elf/12.2.0/include-fixed"]
  ignore line: [ignoring nonexistent directory "/home/hyperk2/Xilinx/Vitis/2024.1/gnu/riscv/lin/riscv64-unknown-elf/x86_64-oesdk-linux/usr/bin/riscv32-xilinx-elf/../../lib/riscv32-xilinx-elf/gcc/../../../lib/riscv32-xilinx-elf/gcc/riscv32-xilinx-elf/12.2.0/../../../../../riscv32-xilinx-elf/include"]
  ignore line: [#include "..." search starts here:]
  ignore line: [#include <...> search starts here:]
  ignore line: [ /media/hyperk2/SSD_DATA/GITHUB/vitis_Urbana_2024_1/platform_microblaze_riscv/microblaze_0/standalone_microblaze_0/bsp/include]
  ignore line: [ /home/hyperk2/Xilinx/Vitis/2024.1/gnu/riscv/lin/riscv64-unknown-elf/x86_64-oesdk-linux/usr/bin/riscv32-xilinx-elf/../../lib/riscv32-xilinx-elf/gcc/riscv32-xilinx-elf/12.2.0/include]
  ignore line: [ /home/hyperk2/Xilinx/Vitis/2024.1/gnu/riscv/lin/riscv64-unknown-elf/x86_64-oesdk-linux/usr/bin/riscv32-xilinx-elf/../../lib/riscv32-xilinx-elf/gcc/riscv32-xilinx-elf/12.2.0/include-fixed]
  ignore line: [ /home/hyperk2/Xilinx/Vitis/2024.1/gnu/riscv/lin/riscv64-unknown-elf/bin/../riscv32-xilinx-elf/usr/include/c++/12.2.0]
  ignore line: [ /home/hyperk2/Xilinx/Vitis/2024.1/gnu/riscv/lin/riscv64-unknown-elf/bin/../riscv32-xilinx-elf/usr/include/c++/12.2.0/riscv32-xilinx-elf]
  ignore line: [ /home/hyperk2/Xilinx/Vitis/2024.1/gnu/riscv/lin/riscv64-unknown-elf/bin/../riscv32-xilinx-elf/usr/include/c++/12.2.0/backward]
  ignore line: [ /home/hyperk2/Xilinx/Vitis/2024.1/gnu/riscv/lin/riscv64-unknown-elf/bin/../riscv32-xilinx-elf/usr/include/]
  ignore line: [End of search list.]
  ignore line: [GNU C++17 (GCC) version 12.2.0 (riscv32-xilinx-elf)]
  ignore line: [	compiled by GNU C version 12.2.0  GMP version 6.2.1  MPFR version 4.1.1  MPC version 1.2.1  isl version none]
  ignore line: [GGC heuristics: --param ggc-min-expand=100 --param ggc-min-heapsize=131072]
  ignore line: [Compiler executable checksum: 858f4f549023452bf7a90d44ff05d861]
  ignore line: [COLLECT_GCC_OPTIONS='--sysroot=/home/hyperk2/Xilinx/Vitis/2024.1/gnu/riscv/lin/riscv64-unknown-elf/bin/../riscv32-xilinx-elf' '-O2' '-march=rv32imc_zicsr_zifencei' '-mabi=ilp32' '-D' 'SDT' '-MMD' '-MP' '-specs=/media/hyperk2/SSD_DATA/GITHUB/vitis_Urbana_2024_1/platform_microblaze_riscv/microblaze_0/standalone_microblaze_0/bsp/Xilinx.spec' '-I' '/media/hyperk2/SSD_DATA/GITHUB/vitis_Urbana_2024_1/platform_microblaze_riscv/microblaze_0/standalone_microblaze_0/bsp/include' '-v' '-o' 'CMakeFiles/cmTC_0c9cd.dir/CMakeCXXCompilerABI.cpp.obj' '-c' '-misa-spec=20191213' '-march=rv32imc_zicsr_zifencei' '-dumpdir' 'CMakeFiles/cmTC_0c9cd.dir/']
  ignore line: [ /home/hyperk2/Xilinx/Vitis/2024.1/gnu/riscv/lin/riscv64-unknown-elf/x86_64-oesdk-linux/usr/bin/riscv32-xilinx-elf/../../libexec/riscv32-xilinx-elf/gcc/riscv32-xilinx-elf/12.2.0/as -v -I /media/hyperk2/SSD_DATA/GITHUB/vitis_Urbana_2024_1/platform_microblaze_riscv/microblaze_0/standalone_microblaze_0/bsp/include --traditional-format -march=rv32imc_zicsr_zifencei -march=rv32imc_zicsr_zifencei -mabi=ilp32 -misa-spec=20191213 -o CMakeFiles/cmTC_0c9cd.dir/CMakeCXXCompilerABI.cpp.obj /tmp/ccgiWiug.s]
  ignore line: [GNU assembler version 2.39.0 (riscv32-xilinx-elf) using BFD version (GNU Binutils) 2.39.0.20220819]
  ignore line: [COMPILER_PATH=/home/hyperk2/Xilinx/Vitis/2024.1/gnu/riscv/lin/riscv64-unknown-elf/x86_64-oesdk-linux/usr/bin/riscv32-xilinx-elf/../../libexec/riscv32-xilinx-elf/gcc/riscv32-xilinx-elf/12.2.0/:/home/hyperk2/Xilinx/Vitis/2024.1/gnu/riscv/lin/riscv64-unknown-elf/x86_64-oesdk-linux/usr/bin/riscv32-xilinx-elf/../../libexec/riscv32-xilinx-elf/gcc/]
  ignore line: [LIBRARY_PATH=/home/hyperk2/Xilinx/Vitis/2024.1/gnu/riscv/lin/riscv64-unknown-elf/x86_64-oesdk-linux/usr/bin/riscv32-xilinx-elf/../../lib/riscv32-xilinx-elf/gcc/riscv32-xilinx-elf/12.2.0/:/home/hyperk2/Xilinx/Vitis/2024.1/gnu/riscv/lin/riscv64-unknown-elf/x86_64-oesdk-linux/usr/bin/riscv32-xilinx-elf/../../lib/riscv32-xilinx-elf/gcc/:/home/hyperk2/Xilinx/Vitis/2024.1/gnu/riscv/lin/riscv64-unknown-elf/bin/../riscv32-xilinx-elf/usr/lib/riscv32-xilinx-elf/12.2.0/:/home/hyperk2/Xilinx/Vitis/2024.1/gnu/riscv/lin/riscv64-unknown-elf/bin/../riscv32-xilinx-elf/usr/lib/]
  ignore line: [COLLECT_GCC_OPTIONS='--sysroot=/home/hyperk2/Xilinx/Vitis/2024.1/gnu/riscv/lin/riscv64-unknown-elf/bin/../riscv32-xilinx-elf' '-O2' '-march=rv32imc_zicsr_zifencei' '-mabi=ilp32' '-D' 'SDT' '-MMD' '-MP' '-specs=/media/hyperk2/SSD_DATA/GITHUB/vitis_Urbana_2024_1/platform_microblaze_riscv/microblaze_0/standalone_microblaze_0/bsp/Xilinx.spec' '-I' '/media/hyperk2/SSD_DATA/GITHUB/vitis_Urbana_2024_1/platform_microblaze_riscv/microblaze_0/standalone_microblaze_0/bsp/include' '-v' '-o' 'CMakeFiles/cmTC_0c9cd.dir/CMakeCXXCompilerABI.cpp.obj' '-c' '-misa-spec=20191213' '-march=rv32imc_zicsr_zifencei' '-dumpdir' 'CMakeFiles/cmTC_0c9cd.dir/CMakeCXXCompilerABI.cpp.']
  ignore line: [Linking CXX static library libcmTC_0c9cd.a]
  ignore line: [/home/hyperk2/Xilinx/Vitis/2024.1/tps/lnx64/cmake-3.24.2/bin/cmake -P CMakeFiles/cmTC_0c9cd.dir/cmake_clean_target.cmake]
  ignore line: [/home/hyperk2/Xilinx/Vitis/2024.1/tps/lnx64/cmake-3.24.2/bin/cmake -E cmake_link_script CMakeFiles/cmTC_0c9cd.dir/link.txt --verbose=1]
  ignore line: [riscv64-unknown-elf-ar qc libcmTC_0c9cd.a CMakeFiles/cmTC_0c9cd.dir/CMakeCXXCompilerABI.cpp.obj]
  ignore line: [/home/hyperk2/Xilinx/Vitis/2024.1/gnu/riscv/lin/riscv64-unknown-elf/bin/riscv64-unknown-elf-ranlib libcmTC_0c9cd.a]
  ignore line: [gmake[1]: Leaving directory '/media/hyperk2/SSD_DATA/GITHUB/vitis_Urbana_2024_1/platform_microblaze_riscv/microblaze_0/standalone_microblaze_0/bsp/libsrc/build_configs/gen_bsp/CMakeFiles/CMakeTmp']
  ignore line: []
  ignore line: []
  implicit libs: []
  implicit objs: []
  implicit dirs: []
  implicit fwks: []


Checking whether the ASM compiler is GNU using "--version" matched "(GNU assembler)|(GCC)|(Free Software Foundation)":
riscv32-xilinx-elf-gcc.real (GCC) 12.2.0
Copyright (C) 2022 Free Software Foundation, Inc.
This is free software; see the source for copying conditions.  There is NO
warranty; not even for MERCHANTABILITY or FITNESS FOR A PARTICULAR PURPOSE.

